// Jest Snapshot v1, https://goo.gl/fbAQLP

exports[`Card component renders a snapshot 1`] = `
<div>
  Example text
</div>
`;
